// Jest Snapshot v1, https://goo.gl/fbAQLP

exports[`Pruebas en el <GifItem /> debe hacer match con el snapshot 1`] = `
<div>
  <div
    class="card"
  >
    <img
      alt="Saitama"
      src="http://www.google.com/"
    />
    <p>
      Saitama
    </p>
  </div>
</div>
`;
